SQL> 
SQL> --student id: 35400145
SQL> --student name: Tan Siew Quin
SQL> 
SQL> -- Generated by Oracle SQL Developer Data Modeler 24.3.1.351.0831
SQL> --   at:        2025-05-02 13:54:03 MYT
SQL> --   site:      Oracle Database 12c
SQL> --   type:      Oracle Database 12c
SQL> 
SQL> 
SQL> 
SQL> DROP TABLE ADDRESS CASCADE CONSTRAINTS 
  2  ;

Table ADDRESS dropped.

SQL> 
SQL> DROP TABLE CABIN CASCADE CONSTRAINTS 
  2  ;

Table CABIN dropped.

SQL> 
SQL> DROP TABLE COUNTRY CASCADE CONSTRAINTS 
  2  ;

Table COUNTRY dropped.

SQL> 
SQL> DROP TABLE CRUISE CASCADE CONSTRAINTS 
  2  ;

Table CRUISE dropped.

SQL> 
SQL> DROP TABLE ITINERARY CASCADE CONSTRAINTS 
  2  ;

Table ITINERARY dropped.

SQL> 
SQL> DROP TABLE MANIFEST CASCADE CONSTRAINTS 
  2  ;

Table MANIFEST dropped.

SQL> 
SQL> DROP TABLE OPERATOR CASCADE CONSTRAINTS 
  2  ;

Table OPERATOR dropped.

SQL> 
SQL> DROP TABLE PASSENGER CASCADE CONSTRAINTS 
  2  ;

Table PASSENGER dropped.

SQL> 
SQL> DROP TABLE PORT CASCADE CONSTRAINTS 
  2  ;

Table PORT dropped.

SQL> 
SQL> DROP TABLE SHIP CASCADE CONSTRAINTS 
  2  ;

Table SHIP dropped.

SQL> 
SQL> -- predefined type, no DDL - MDSYS.SDO_GEOMETRY
SQL> 
SQL> -- predefined type, no DDL - XMLTYPE
SQL> 
SQL> CREATE TABLE ADDRESS 
  2      ( 
  3       addr_id       NUMBER (7)  NOT NULL , 
  4       addr_street   VARCHAR2 (30)  NOT NULL , 
  5       addr_town     VARCHAR2 (30)  NOT NULL , 
  6       addr_postcode VARCHAR2 (10)  NOT NULL , 
  7       country_code  CHAR (3)  NOT NULL 
  8      ) 
  9  ;

Table ADDRESS created.

SQL> 
SQL> COMMENT ON COLUMN ADDRESS.addr_id IS 'A surrogate key' 
  2  ;

Comment created.

SQL> 
SQL> COMMENT ON COLUMN ADDRESS.addr_street IS 'The street name of the address.' 
  2  ;

Comment created.

SQL> 
SQL> COMMENT ON COLUMN ADDRESS.addr_town IS 'The town name of the address.' 
  2  ;

Comment created.

SQL> 
SQL> COMMENT ON COLUMN ADDRESS.addr_postcode IS 'The postcode of the address.' 
  2  ;

Comment created.

SQL> 
SQL> COMMENT ON COLUMN ADDRESS.country_code IS 'The code of a country.' 
  2  ;

Comment created.

SQL> 
SQL> ALTER TABLE ADDRESS 
  2      ADD CONSTRAINT ADDRESS_PK PRIMARY KEY ( addr_id ) ;

Table ADDRESS altered.

SQL> 
SQL> ALTER TABLE ADDRESS 
  2      ADD CONSTRAINT ADDRESS_NK UNIQUE ( addr_street , addr_town , addr_postcode , country_code ) ;

Table ADDRESS altered.

SQL> 
SQL> CREATE TABLE CABIN 
  2      ( 
  3       cabin_no         VARCHAR2 (3)  NOT NULL , 
  4       ship_code        VARCHAR2 (7)  NOT NULL , 
  5       cabin_sleep_capa NUMBER (2)  NOT NULL , 
  6       cabin_class      CHAR (1)  NOT NULL 
  7      ) 
  8  ;

Table CABIN created.

SQL> 
SQL> ALTER TABLE CABIN 
  2      ADD CONSTRAINT chk_cabin_class 
  3      CHECK (cabin_class IN ('B', 'I', 'O', 'S')) 
  4  ;

Table CABIN altered.

SQL> 
SQL> COMMENT ON COLUMN CABIN.cabin_no IS 'Cabin number of the cabin.' 
  2  ;

Comment created.

SQL> 
SQL> COMMENT ON COLUMN CABIN.ship_code IS 'The code of the ship.' 
  2  ;

Comment created.

SQL> 
SQL> COMMENT ON COLUMN CABIN.cabin_sleep_capa IS 'The sleeping capacity of a cabin.' 
  2  ;

Comment created.

SQL> 
SQL> COMMENT ON COLUMN CABIN.cabin_class IS 'Class of the cabin which is either ''I'' for '' Interior'', ''O'' for ''Ocean view'', ''B'' for  ''Balcony'' or ''S'' for '' Suite''.' 
  2  ;

Comment created.

SQL> 
SQL> ALTER TABLE CABIN 
  2      ADD CONSTRAINT CABIN_PK PRIMARY KEY ( cabin_no, ship_code ) ;

Table CABIN altered.

SQL> 
SQL> CREATE TABLE COUNTRY 
  2      ( 
  3       country_code CHAR (3)  NOT NULL , 
  4       country_name VARCHAR2 (50)  NOT NULL 
  5      ) 
  6  ;

Table COUNTRY created.

SQL> 
SQL> COMMENT ON COLUMN COUNTRY.country_code IS 'The code of a country.' 
  2  ;

Comment created.

SQL> 
SQL> COMMENT ON COLUMN COUNTRY.country_name IS 'The name of a country.' 
  2  ;

Comment created.

SQL> 
SQL> ALTER TABLE COUNTRY 
  2      ADD CONSTRAINT COUNTRY_PK PRIMARY KEY ( country_code ) ;

Table COUNTRY altered.

SQL> 
SQL> CREATE TABLE CRUISE 
  2      ( 
  3       cruise_id              NUMBER (4)  NOT NULL , 
  4       cruise_name            VARCHAR2 (50)  NOT NULL , 
  5       cruise_desc            VARCHAR2 (50)  NOT NULL , 
  6       cruise_depart_dt       DATE  NOT NULL , 
  7       cruise_cost_per_person NUMBER (6,2)  NOT NULL , 
  8       ship_code              VARCHAR2 (7)  NOT NULL 
  9      ) 
 10  ;

Table CRUISE created.

SQL> 
SQL> COMMENT ON COLUMN CRUISE.cruise_id IS 'Cruise ID identifies each cruise on a particular ship.' 
  2  ;

Comment created.

SQL> 
SQL> COMMENT ON COLUMN CRUISE.cruise_name IS 'Name of the cruise.' 
  2  ;

Comment created.

SQL> 
SQL> COMMENT ON COLUMN CRUISE.cruise_desc IS 'Description of the cruise.' 
  2  ;

Comment created.

SQL> 
SQL> COMMENT ON COLUMN CRUISE.cruise_depart_dt IS 'The departure time of a cruise' 
  2  ;

Comment created.

SQL> 
SQL> COMMENT ON COLUMN CRUISE.cruise_cost_per_person IS 'The cost of a cruise per person' 
  2  ;

Comment created.

SQL> 
SQL> COMMENT ON COLUMN CRUISE.ship_code IS 'The code of the ship.' 
  2  ;

Comment created.

SQL> 
SQL> ALTER TABLE CRUISE 
  2      ADD CONSTRAINT CRUISE_PK PRIMARY KEY ( cruise_id ) ;

Table CRUISE altered.

SQL> 
SQL> CREATE TABLE ITINERARY 
  2      ( 
  3       itinerary_dep_arr_datetime DATE  NOT NULL , 
  4       cruise_id                  NUMBER (4)  NOT NULL , 
  5       itinerary_dep_arr_status   CHAR (1)  NOT NULL , 
  6       port_code                  CHAR (5)  NOT NULL 
  7      ) 
  8  ;

Table ITINERARY created.

SQL> 
SQL> ALTER TABLE ITINERARY 
  2      ADD CONSTRAINT chk_depart_arr_status 
  3      CHECK (itinerary_dep_arr_status IN ('A', 'D')) 
  4  ;

Table ITINERARY altered.

SQL> 
SQL> COMMENT ON COLUMN ITINERARY.itinerary_dep_arr_datetime IS 'Records the departure/ arrival datetime of a cruise' 
  2  ;

Comment created.

SQL> 
SQL> COMMENT ON COLUMN ITINERARY.cruise_id IS 'Cruise ID identifies each cruise on a particular ship.' 
  2  ;

Comment created.

SQL> 
SQL> COMMENT ON COLUMN ITINERARY.itinerary_dep_arr_status IS 'Records the travel status of a cruise which is ''D'' for  ''Depart'' or''A'' for  ''Arrive''' 
  2  ;

Comment created.

SQL> 
SQL> COMMENT ON COLUMN ITINERARY.port_code IS 'The code of the port.' 
  2  ;

Comment created.

SQL> 
SQL> ALTER TABLE ITINERARY 
  2      ADD CONSTRAINT ITENERARY_PK PRIMARY KEY ( cruise_id, itinerary_dep_arr_datetime ) ;

Table ITINERARY altered.

SQL> 
SQL> CREATE TABLE MANIFEST 
  2      ( 
  3       passenger_id         NUMBER (7)  NOT NULL , 
  4       cruise_id            NUMBER (4)  NOT NULL , 
  5       manifest_boarding_dt DATE , 
  6       cabin_no             VARCHAR2 (3)  NOT NULL , 
  7       ship_code            VARCHAR2 (7)  NOT NULL 
  8      ) 
  9  ;

Table MANIFEST created.

SQL> 
SQL> COMMENT ON COLUMN MANIFEST.passenger_id IS 'The ID of the passenger who made their cruise booking.' 
  2  ;

Comment created.

SQL> 
SQL> COMMENT ON COLUMN MANIFEST.cruise_id IS 'Cruise ID identifies each cruise on a particular ship.' 
  2  ;

Comment created.

SQL> 
SQL> COMMENT ON COLUMN MANIFEST.manifest_boarding_dt IS 'The boarding date time of passenger when they board the ship' 
  2  ;

Comment created.

SQL> 
SQL> COMMENT ON COLUMN MANIFEST.cabin_no IS 'Cabin number of the cabin.' 
  2  ;

Comment created.

SQL> 
SQL> COMMENT ON COLUMN MANIFEST.ship_code IS 'The code of the ship.' 
  2  ;

Comment created.

SQL> 
SQL> ALTER TABLE MANIFEST 
  2      ADD CONSTRAINT MANIFEST_PK PRIMARY KEY ( passenger_id, cruise_id ) ;

Table MANIFEST altered.

SQL> 
SQL> CREATE TABLE OPERATOR 
  2      ( 
  3       operator_id       NUMBER (7)  NOT NULL , 
  4       operator_name     VARCHAR2 (50)  NOT NULL , 
  5       operator_ceo_name VARCHAR2 (50)  NOT NULL 
  6      ) 
  7  ;

Table OPERATOR created.

SQL> 
SQL> COMMENT ON COLUMN OPERATOR.operator_id IS 'The operator ID.' 
  2  ;

Comment created.

SQL> 
SQL> COMMENT ON COLUMN OPERATOR.operator_name IS 'The name of the operator company.' 
  2  ;

Comment created.

SQL> 
SQL> COMMENT ON COLUMN OPERATOR.operator_ceo_name IS 'The name of the operator CEO.' 
  2  ;

Comment created.

SQL> 
SQL> ALTER TABLE OPERATOR 
  2      ADD CONSTRAINT OPERATOR_PK PRIMARY KEY ( operator_id ) ;

Table OPERATOR altered.

SQL> 
SQL> CREATE TABLE PASSENGER 
  2      ( 
  3       passenger_id       NUMBER (7)  NOT NULL , 
  4       passenger_fname    VARCHAR2 (25) , 
  5       passenger_lname    VARCHAR2 (25) , 
  6       passenger_gender   CHAR (1)  NOT NULL , 
  7       passenger_dob      DATE  NOT NULL , 
  8       passenger_phone    VARCHAR2 (15) , 
  9       passenger_guard_id NUMBER (7) , 
 10       addr_id            NUMBER (7)  NOT NULL 
 11      ) 
 12  ;

Table PASSENGER created.

SQL> 
SQL> ALTER TABLE PASSENGER 
  2      ADD CONSTRAINT chk_gender 
  3      CHECK (passenger_gender IN ('F', 'M', 'N')) 
  4  ;

Table PASSENGER altered.

SQL> 
SQL> COMMENT ON COLUMN PASSENGER.passenger_id IS 'The ID of the passenger who made their cruise booking.' 
  2  ;

Comment created.

SQL> 
SQL> COMMENT ON COLUMN PASSENGER.passenger_fname IS 'First name of the passenger.' 
  2  ;

Comment created.

SQL> 
SQL> COMMENT ON COLUMN PASSENGER.passenger_lname IS 'Last name of the passenger.' 
  2  ;

Comment created.

SQL> 
SQL> COMMENT ON COLUMN PASSENGER.passenger_gender IS 'Record the gender of passenger as ''F'' for ''Female'', ''M'' for ''Male'' and ''N'' for ''Prefer not to say''.' 
  2  ;

Comment created.

SQL> 
SQL> COMMENT ON COLUMN PASSENGER.passenger_dob IS 'Passenger''s date of birth.' 
  2  ;

Comment created.

SQL> 
SQL> COMMENT ON COLUMN PASSENGER.passenger_phone IS 'The phone number of passengers who are above 18 years old' 
  2  ;

Comment created.

SQL> 
SQL> COMMENT ON COLUMN PASSENGER.passenger_guard_id IS 'The ID of the passenger who made their cruise booking.' 
  2  ;

Comment created.

SQL> 
SQL> COMMENT ON COLUMN PASSENGER.addr_id IS 'A surrogate key' 
  2  ;

Comment created.

SQL> 
SQL> ALTER TABLE PASSENGER 
  2      ADD CONSTRAINT PASSENGER_PK PRIMARY KEY ( passenger_id ) ;

Table PASSENGER altered.

SQL> 
SQL> CREATE TABLE PORT 
  2      ( 
  3       port_code      CHAR (5)  NOT NULL , 
  4       port_name      VARCHAR2 (50)  NOT NULL , 
  5       port_latitude  NUMBER (8,6)  NOT NULL , 
  6       port_longitude NUMBER (9,6)  NOT NULL , 
  7       country_code   CHAR (3)  NOT NULL 
  8      ) 
  9  ;

Table PORT created.

SQL> 
SQL> COMMENT ON COLUMN PORT.port_code IS 'The code of the port.' 
  2  ;

Comment created.

SQL> 
SQL> COMMENT ON COLUMN PORT.port_name IS 'The name of the port.' 
  2  ;

Comment created.

SQL> 
SQL> COMMENT ON COLUMN PORT.port_latitude IS 'The latitude of the port.' 
  2  ;

Comment created.

SQL> 
SQL> COMMENT ON COLUMN PORT.port_longitude IS 'The longitude of the port.' 
  2  ;

Comment created.

SQL> 
SQL> COMMENT ON COLUMN PORT.country_code IS 'The code of a country.' 
  2  ;

Comment created.

SQL> 
SQL> ALTER TABLE PORT 
  2      ADD CONSTRAINT PORT_PK PRIMARY KEY ( port_code ) ;

Table PORT altered.

SQL> 
SQL> CREATE TABLE SHIP 
  2      ( 
  3       ship_code           VARCHAR2 (7)  NOT NULL , 
  4       ship_name           VARCHAR2 (50)  NOT NULL , 
  5       ship_comission_date DATE  NOT NULL , 
  6       ship_tonnage        NUMBER (8,2)  NOT NULL , 
  7       ship_max_guest_capa NUMBER (5)  NOT NULL , 
  8       operator_id         NUMBER (7)  NOT NULL , 
  9       country_code        CHAR (3)  NOT NULL 
 10      ) 
 11  ;

Table SHIP created.

SQL> 
SQL> COMMENT ON COLUMN SHIP.ship_code IS 'The code of the ship.' 
  2  ;

Comment created.

SQL> 
SQL> COMMENT ON COLUMN SHIP.ship_name IS 'The name of the ship.' 
  2  ;

Comment created.

SQL> 
SQL> COMMENT ON COLUMN SHIP.ship_comission_date IS 'The date the ship was comissioned' 
  2  ;

Comment created.

SQL> 
SQL> COMMENT ON COLUMN SHIP.ship_tonnage IS 'The tonnage of the ship.' 
  2  ;

Comment created.

SQL> 
SQL> COMMENT ON COLUMN SHIP.ship_max_guest_capa IS 'The ship''s maximum passenger capacity.' 
  2  ;

Comment created.

SQL> 
SQL> COMMENT ON COLUMN SHIP.operator_id IS 'The operator ID.' 
  2  ;

Comment created.

SQL> 
SQL> COMMENT ON COLUMN SHIP.country_code IS 'The code of a country.' 
  2  ;

Comment created.

SQL> 
SQL> ALTER TABLE SHIP 
  2      ADD CONSTRAINT SHIP_PK PRIMARY KEY ( ship_code ) ;

Table SHIP altered.

SQL> 
SQL> ALTER TABLE PASSENGER 
  2      ADD CONSTRAINT address_passenger_fk FOREIGN KEY 
  3      ( 
  4       addr_id
  5      ) 
  6      REFERENCES ADDRESS 
  7      ( 
  8       addr_id
  9      ) 
 10  ;

Table PASSENGER altered.

SQL> 
SQL> ALTER TABLE MANIFEST 
  2      ADD CONSTRAINT cabin_manifest_fk FOREIGN KEY 
  3      ( 
  4       cabin_no,
  5       ship_code
  6      ) 
  7      REFERENCES CABIN 
  8      ( 
  9       cabin_no,
 10       ship_code
 11      ) 
 12  ;

Table MANIFEST altered.

SQL> 
SQL> ALTER TABLE ADDRESS 
  2      ADD CONSTRAINT country_addr_fk FOREIGN KEY 
  3      ( 
  4       country_code
  5      ) 
  6      REFERENCES COUNTRY 
  7      ( 
  8       country_code
  9      ) 
 10  ;

Table ADDRESS altered.

SQL> 
SQL> ALTER TABLE PORT 
  2      ADD CONSTRAINT country_port_fk FOREIGN KEY 
  3      ( 
  4       country_code
  5      ) 
  6      REFERENCES COUNTRY 
  7      ( 
  8       country_code
  9      ) 
 10  ;

Table PORT altered.

SQL> 
SQL> ALTER TABLE SHIP 
  2      ADD CONSTRAINT country_ship_fk FOREIGN KEY 
  3      ( 
  4       country_code
  5      ) 
  6      REFERENCES COUNTRY 
  7      ( 
  8       country_code
  9      ) 
 10  ;

Table SHIP altered.

SQL> 
SQL> ALTER TABLE ITINERARY 
  2      ADD CONSTRAINT cruise_itenenary_fk FOREIGN KEY 
  3      ( 
  4       cruise_id
  5      ) 
  6      REFERENCES CRUISE 
  7      ( 
  8       cruise_id
  9      ) 
 10  ;

Table ITINERARY altered.

SQL> 
SQL> ALTER TABLE MANIFEST 
  2      ADD CONSTRAINT cruise_manifest_fk FOREIGN KEY 
  3      ( 
  4       cruise_id
  5      ) 
  6      REFERENCES CRUISE 
  7      ( 
  8       cruise_id
  9      ) 
 10  ;

Table MANIFEST altered.

SQL> 
SQL> ALTER TABLE SHIP 
  2      ADD CONSTRAINT operator_ship_fk FOREIGN KEY 
  3      ( 
  4       operator_id
  5      ) 
  6      REFERENCES OPERATOR 
  7      ( 
  8       operator_id
  9      ) 
 10  ;

Table SHIP altered.

SQL> 
SQL> ALTER TABLE MANIFEST 
  2      ADD CONSTRAINT passenger_manifest_fk FOREIGN KEY 
  3      ( 
  4       passenger_id
  5      ) 
  6      REFERENCES PASSENGER 
  7      ( 
  8       passenger_id
  9      ) 
 10  ;

Table MANIFEST altered.

SQL> 
SQL> ALTER TABLE PASSENGER 
  2      ADD CONSTRAINT passenger_passenger_fk FOREIGN KEY 
  3      ( 
  4       passenger_guard_id
  5      ) 
  6      REFERENCES PASSENGER 
  7      ( 
  8       passenger_id
  9      ) 
 10  ;

Table PASSENGER altered.

SQL> 
SQL> ALTER TABLE ITINERARY 
  2      ADD CONSTRAINT port_itenenary_fk FOREIGN KEY 
  3      ( 
  4       port_code
  5      ) 
  6      REFERENCES PORT 
  7      ( 
  8       port_code
  9      ) 
 10  ;

Table ITINERARY altered.

SQL> 
SQL> ALTER TABLE CABIN 
  2      ADD CONSTRAINT ship_cabin_fk FOREIGN KEY 
  3      ( 
  4       ship_code
  5      ) 
  6      REFERENCES SHIP 
  7      ( 
  8       ship_code
  9      ) 
 10  ;

Table CABIN altered.

SQL> 
SQL> ALTER TABLE CRUISE 
  2      ADD CONSTRAINT ship_cruise_fk FOREIGN KEY 
  3      ( 
  4       ship_code
  5      ) 
  6      REFERENCES SHIP 
  7      ( 
  8       ship_code
  9      ) 
 10  ;

Table CRUISE altered.

SQL> 
SQL> 
SQL> 
SQL> -- Oracle SQL Developer Data Modeler Summary Report: 
SQL> -- 
SQL> -- CREATE TABLE                            10
SQL> -- CREATE INDEX                             0
SQL> -- ALTER TABLE                             27
SQL> -- CREATE VIEW                              0
SQL> -- ALTER VIEW                               0
SQL> -- CREATE PACKAGE                           0
SQL> -- CREATE PACKAGE BODY                      0
SQL> -- CREATE PROCEDURE                         0
SQL> -- CREATE FUNCTION                          0
SQL> -- CREATE TRIGGER                           0
SQL> -- ALTER TRIGGER                            0
SQL> -- CREATE COLLECTION TYPE                   0
SQL> -- CREATE STRUCTURED TYPE                   0
SQL> -- CREATE STRUCTURED TYPE BODY              0
SQL> -- CREATE CLUSTER                           0
SQL> -- CREATE CONTEXT                           0
SQL> -- CREATE DATABASE                          0
SQL> -- CREATE DIMENSION                         0
SQL> -- CREATE DIRECTORY                         0
SQL> -- CREATE DISK GROUP                        0
SQL> -- CREATE ROLE                              0
SQL> -- CREATE ROLLBACK SEGMENT                  0
SQL> -- CREATE SEQUENCE                          0
SQL> -- CREATE MATERIALIZED VIEW                 0
SQL> -- CREATE MATERIALIZED VIEW LOG             0
SQL> -- CREATE SYNONYM                           0
SQL> -- CREATE TABLESPACE                        0
SQL> -- CREATE USER                              0
SQL> -- 
SQL> -- DROP TABLESPACE                          0
SQL> -- DROP DATABASE                            0
SQL> -- 
SQL> -- REDACTION POLICY                         0
SQL> -- TSDP POLICY                              0
SQL> -- 
SQL> -- ORDS DROP SCHEMA                         0
SQL> -- ORDS ENABLE SCHEMA                       0
SQL> -- ORDS ENABLE OBJECT                       0
SQL> -- 
SQL> -- ERRORS                                   0
SQL> -- WARNINGS                                 0
SQL> 
SQL> SPOOL off
